============================= test session starts =============================
platform win32 -- Python 3.11.0, pytest-7.4.2, pluggy-1.6.0 -- C:\Users\neoen\AppData\Local\Programs\Python\Python311\python.exe
cachedir: .pytest_cache
benchmark: 5.1.0 (defaults: timer=time.perf_counter disable_gc=False min_rounds=5 min_time=0.000005 max_time=1.0 calibration_precision=10 warmup=False warmup_iterations=100000)
rootdir: C:\gemini-desktop\AGStock
configfile: pytest.ini
testpaths: tests
plugins: anyio-4.9.0, dash-3.1.1, Faker-37.5.3, logfire-4.0.0, asyncio-0.23.7, benchmark-5.1.0, cov-4.1.0, mock-3.14.1, timeout-2.4.0, xdist-3.8.0, requests-mock-1.12.1, respx-0.22.0, typeguard-4.4.4
asyncio: mode=Mode.STRICT
collecting ... collected 261 items / 1 error

=================================== ERRORS ====================================
_____________________ ERROR collecting tests/test_auth.py _____________________
ImportError while importing test module 'C:\gemini-desktop\AGStock\tests\test_auth.py'.
Hint: make sure your test modules/packages have valid Python names.
Traceback:
C:\Users\neoen\AppData\Local\Programs\Python\Python311\Lib\importlib\__init__.py:126: in import_module
    return _bootstrap._gcd_import(name[level:], package, level)
tests\test_auth.py:7: in <module>
    from src.auth import AuthManager
src\auth.py:5: in <module>
    import jwt
E   ModuleNotFoundError: No module named 'jwt'
============================== warnings summary ===============================
..\..\Users\neoen\AppData\Local\Programs\Python\Python311\Lib\site-packages\tensorflow\lite\python\util.py:51
..\..\Users\neoen\AppData\Local\Programs\Python\Python311\Lib\site-packages\tensorflow\lite\python\util.py:51
  C:\Users\neoen\AppData\Local\Programs\Python\Python311\Lib\site-packages\tensorflow\lite\python\util.py:51: DeprecationWarning: jax.xla_computation is deprecated. Please use the AOT APIs.
    from jax import xla_computation as _xla_computation

..\..\Users\neoen\AppData\Local\Programs\Python\Python311\Lib\site-packages\streamlit\elements\image.py:22
  C:\Users\neoen\AppData\Local\Programs\Python\Python311\Lib\site-packages\streamlit\elements\image.py:22: DeprecationWarning: 'imghdr' is deprecated and slated for removal in Python 3.13
    import imghdr

-- Docs: https://docs.pytest.org/en/stable/how-to/capture-warnings.html

---------- coverage: platform win32, python 3.11.0-final-0 -----------
Name                                     Stmts   Miss  Cover   Missing
----------------------------------------------------------------------
src\advanced_backtest.py                   101    101     0%   6-282
src\advanced_features.py                   124     11    91%   39, 74, 107, 150, 174-175, 225, 273, 311-312, 332
src\advanced_models.py                      41     27    34%   20, 23-31, 35-41, 56-67, 78-93
src\advanced_risk.py                        89     89     0%   6-234
src\agents.py                              173    142    18%   20-21, 24, 28, 31-71, 75-76, 79-95, 99, 102-148, 152, 155-190, 194, 200-251
src\ai_analyst.py                           46     46     0%   5-97
src\alert_manager.py                       126    126     0%   5-270
src\alert_system.py                        125    125     0%   9-344
src\anomaly_detector.py                     90     90     0%   5-208
src\async_data_loader.py                   143     84    41%   57-63, 79, 82-96, 106-107, 114-131, 186-187, 190, 215-229, 237-267, 276-278, 304-305, 310-328
src\auth.py                                152    151     1%   6-317
src\auto_rebalancer.py                     132    132     0%   5-278
src\auto_trader_ui.py                      107     93    13%   12-27, 30-36, 39-40, 43-56, 60-129, 133-159
src\backtest_engine.py                      45     45     0%   1-86
src\backtest_visualizer.py                  81     81     0%   6-314
src\backtester.py                          232    224     3%   32-36, 42-47, 63-416
src\backup_manager.py                      115    100    13%   30-38, 47-78, 90-106, 118-147, 156-180, 193-222, 231-234, 239-254
src\base.py                                120    120     0%   6-196
src\benchmark_comparator.py                 99     99     0%   6-269
src\bert_sentiment.py                       72     44    39%   39-42, 54-100, 104-128
src\broker.py                               42      8    81%   15, 40, 45, 50, 55, 60, 65, 70
src\cache_config.py                          8      6    25%   9-20
src\cloud_storage.py                        79     64    19%   18-35, 39-42, 46-58, 62-69, 73-82, 86-92, 96-106
src\config.py                               46     46     0%   1-72
src\config_manager.py                       47     47     0%   4-93
src\constants.py                            10      0   100%
src\copy_trading.py                        149    149     0%   5-382
src\cost_optimizer.py                      125    112    10%   55-59, 71-80, 99-116, 139-161, 180-236, 248-263, 272-281, 286-343, 347
src\cross_validation.py                     43     32    26%   29-31, 44, 65-83, 116-145
src\dashboard_utils.py                      36     36     0%   4-71
src\data_loader.py                         120     61    49%   33-35, 46-75, 82-83, 87-91, 105, 113-115, 119-120, 135-140, 151-159, 187-188, 195-197, 210-224
src\data_manager.py                         84     50    40%   44-114, 130-131, 138-140, 142-144, 150-164, 168-174
src\db_maintenance.py                       86     86     0%   5-144
src\design_tokens.py                        52     52     0%   7-128
src\dividend_strategy.py                    71     71     0%   6-236
src\dynamic_ensemble.py                     77     63    18%   24-33, 46-60, 64-100, 109-131, 135-143, 147-154
src\dynamic_risk_manager.py                 89     50    44%   108-110, 132-157, 170-180, 193-203, 218-232, 241, 260, 266-299
src\dynamic_risk_manager_refactored.py     121    121     0%   6-337
src\dynamic_stop.py                         52     37    29%   26-33, 47-94, 98-101
src\encryption.py                           74     74     0%   5-188
src\enhanced_performance_dashboard.py      144    144     0%   5-323
src\ensemble.py                             27     27     0%   1-65
src\error_handler.py                       109    109     0%   6-215
src\error_handling.py                       88     88     0%   8-301
src\execution.py                            78     67    14%   15-41, 47-70, 77-128
src\execution_optimizer.py                  69     69     0%   6-213
src\export_manager.py                       80     80     0%   5-175
src\factor_analyzer.py                      85     85     0%   6-269
src\features.py                            122     58    52%   11-31, 60, 90-113, 121, 128-130, 137-139, 143-147, 152, 156-159, 218-245
src\formatters.py                           83     70    16%   22-33, 48-55, 70-74, 88-101, 115-124, 137-144, 157-162, 177-183, 199-203, 218-222, 235-243
src\fundamentals.py                         26     20    23%   5, 11-22, 28-36, 42-50
src\hierarchical_strategy.py                42     33    21%   19-20, 23-78, 81-85
src\hyperparameter_tuning.py               111    111     0%   8-349
src\ibkr_broker.py                          88     88     0%   1-154
src\integrated_signals.py                   69     69     0%   7-160
src\kelly_criterion.py                      35     26    26%   33-49, 61-82
src\liquidity_analyzer.py                   74     74     0%   6-233
src\live_trading.py                        151    123    19%   26-34, 37-50, 53-62, 66, 70, 74, 77-85, 92-135, 138, 160-177, 182-183, 187-249, 252-256, 259-260
src\llm_analyzer.py                         69     56    19%   12-15, 22-35, 42-54, 61-91, 98-125
src\logging_config.py                       45     45     0%   4-102
src\macro_analyzer.py                       89     89     0%   6-208
src\meta_learner.py                        107     87    19%   65-69, 82-128, 145-193, 208-244, 249-264
src\metrics_collector.py                    87     87     0%   5-197
src\ml_pipeline.py                          89     69    22%   19-22, 25-26, 29-36, 39-43, 50-79, 85-97, 104-121, 128, 136-148
src\monitoring_dashboard.py                 96     96     0%   5-174
src\mpt_optimizer.py                       102    102     0%   6-302
src\multi_timeframe.py                      52     41    21%   19, 32-54, 67-85, 99-127, 134-143
src\nisa_manager.py                        115    115     0%   5-342
src\notifier.py                             81     81     0%   1-203
src\online_learning.py                     113    113     0%   7-315
src\optimization.py                        204    182    11%   17-19, 22-30, 33-36, 42-81, 87-138, 144-173, 177-260, 289-356, 381-430
src\optimizer.py                            47     40    15%   7-9, 13-65, 69-73
src\options_pricing.py                      89     89     0%   5-264
src\paper_trader.py                        144     99    31%   13-24, 60-66, 88-91, 105-106, 115, 133-136, 140, 144, 148-168, 184-265, 274-294, 305-311, 315
src\parallel_backtester.py                  76     76     0%   5-228
src\patterns.py                             91     91     0%   1-181
src\pdf_report_generator.py                 94     94     0%   5-187
src\performance.py                         167    154     8%   19, 23, 32-91, 100-177, 186-241, 250-270, 283-320
src\performance_attribution.py              95     95     0%   5-232
src\performance_metrics.py                  97     97     0%   10-213
src\performance_monitor.py                 111    111     0%   10-314
src\performance_optimizer.py               113    113     0%   11-184
src\personal_features.py                   195    195     0%   6-345
src\portfolio.py                           131    119     9%   9-11, 17-29, 45-62, 68-112, 126-142, 157-243
src\portfolio_manager.py                    42     32    24%   19-22, 25, 39-61, 67-81
src\portfolio_manager_refactored.py        109    109     0%   6-263
src\portfolio_optimizer.py                 111    111     0%   6-269
src\production_manager.py                  101    101     0%   11-219
src\prompts.py                               3      3     0%   5-33
src\psychological_guard.py                  84     84     0%   6-294
src\pytest_cov_optional.py                  13      5    62%   14-15, 25-33
src\rakuten_broker.py                      153    128    16%   36-40, 43-49, 53-77, 81-118, 122-132, 136-161, 166-167, 179-231, 235-238, 242-246, 250-259
src\realtime_alerts.py                     129    129     0%   8-309
src\realtime_data.py                        96     96     0%   8-182
src\rebalancer.py                           84     84     0%   10-246
src\recovery_manager.py                    107    107     0%   5-217
src\regime.py                              100     86    14%   22-29, 52-118, 130-148, 159-177, 189-211, 224-250
src\regime_detector.py                     110     54    51%   100-103, 107-109, 123-133, 168, 170, 174-176, 190-200, 215, 217, 221, 223, 238, 241-242, 294, 303-318, 330-352
src\rich_notifier.py                       106    106     0%   5-291
src\risk_guard.py                          102     85    17%   23-41, 45-62, 66-77, 81-89, 96-107, 115-128, 135-141, 148-155, 167-178, 189-198
src\risk_limiter.py                        135    118    13%   14-16, 20-24, 28, 42, 46-54, 58-65, 69-76, 80-88, 92-100, 104-111, 115-162, 166-186, 191-221, 225
src\rl_agent.py                             74     74     0%   1-106
src\rl_environment.py                       65     65     0%   1-145
src\sector_rotation.py                      83     68    18%   20-23, 32-34, 46-63, 76-80, 92-94, 113-147, 159-182, 199-205
src\sentiment.py                            74     46    38%   24-45, 52-53, 59-83, 121-129, 168-173
src\simple_dashboard.py                    113    113     0%   6-257
src\smart_notifier.py                       63     44    30%   34-35, 39-63, 67-87, 91-110
src\stacking_ensemble.py                   107    107     0%   15-293
src\strategies\__init__.py                   7      0   100%
src\strategies\base.py                      50     22    56%   51-52, 65-80, 92, 104-111, 126-130
src\strategies\custom\__init__.py            0      0   100%
src\strategies_legacy.py                   725    590    19%   15-20, 24-26, 53-68, 71, 78-85, 91-95, 99-101, 104-117, 120-124, 128-131, 134-151, 154-158, 162-164, 167-181, 184-188, 192-195, 198-217, 220-224, 228-230, 233-287, 290-294, 311-312, 320, 341-358, 361-365, 369-377, 380-384, 387-392, 395-467, 470-474, 478-480, 483-486, 489-491, 495-535, 548-615, 619-625, 629-658, 668-670, 673-698, 701-725, 733-736, 742-798, 802-820, 827-830, 833-858, 861-885, 892-895, 898-922, 925-949, 958-970, 973-992, 1003, 1007-1016, 1040-1042, 1045-1095, 1098-1103, 1115-1116, 1119-1131, 1134-1138
src\strategy_marketplace.py                134    134     0%   5-381
src\streaming_pipeline.py                   84     84     0%   7-202
src\tax_calculator.py                       82     82     0%   5-280
src\tax_report_generator.py                 85     85     0%   5-268
src\trade_explainer.py                      32     32     0%   5-99
src\trader_profile.py                      123    123     0%   5-397
src\trading_performance_monitor.py          98     52    47%   134-145, 168, 193-236, 251, 288-348, 352-360
src\transformer_model.py                   107    107     0%   8-339
src\ui_advanced_analytics.py               157    157     0%   5-291
src\ui_ai_chat.py                           46     46     0%   4-76
src\ui_ai_report.py                         48     48     0%   4-80
src\ui_alerts.py                            79     79     0%   4-158
src\ui_automation.py                        77     77     0%   5-132
src\ui_components.py                       130    130     0%   5-327
src\ui_customizer.py                        82     82     0%   5-240
src\ui_export.py                            83     83     0%   4-162
src\ui_renderers.py                        560    548     2%   18-198, 204-299, 306-802, 808-920, 931-970, 977-1044
src\ui_risk_dashboard.py                   118    118     0%   5-232
src\visualizer.py                           75     75     0%   2-157
src\xai.py                                  78     78     0%   8-227
----------------------------------------------------------------------
TOTAL                                    13028  11759    10%
Coverage HTML written to dir htmlcov

=========================== short test summary info ===========================
ERROR tests/test_auth.py
!!!!!!!!!!!!!!!!!!! Interrupted: 1 error during collection !!!!!!!!!!!!!!!!!!!!
======================== 3 warnings, 1 error in 29.80s ========================
