============================= test session starts =============================
platform win32 -- Python 3.12.10, pytest-7.4.2, pluggy-1.6.0 -- C:\Users\neoen\AppData\Local\Microsoft\WindowsApps\PythonSoftwareFoundation.Python.3.12_qbz5n2kfra8p0\python.exe
cachedir: .pytest_cache
benchmark: 5.1.0 (defaults: timer=time.perf_counter disable_gc=False min_rounds=5 min_time=0.000005 max_time=1.0 calibration_precision=10 warmup=False warmup_iterations=100000)
rootdir: C:\gemini-thinkpad\AGStock
configfile: pytest.ini
plugins: anyio-4.9.0, dash-3.1.1, Faker-37.5.3, asyncio-0.23.7, benchmark-5.1.0, cov-4.1.0, mock-3.14.1, xdist-3.8.0, requests-mock-1.12.1, typeguard-4.4.4
asyncio: mode=Mode.STRICT
pytest : 2025-11-23 13:52:08.922311: I tensorflow/core/util/port.cc:153] oneDNN custom operat
ions are on. You may see slightly different numerical results due to floating-point round-off
 errors from different computation orders. To turn them off, set the environment variable `TF
_ENABLE_ONEDNN_OPTS=0`.
発生場所 行:1 文字:1
+ pytest tests/test_core_enhancements.py::test_unified_backtester_multi ...
+ ~~~~~~~~~~~~~~~~~~~~~~~~~~~~~~~~~~~~~~~~~~~~~~~~~~~~~~~~~~~~~~~~~~~~~
    + CategoryInfo          : NotSpecified: (2025-11-23 13:5...ONEDNN_OPTS=0`.:String) [], R 
   emoteException
    + FullyQualifiedErrorId : NativeCommandError
 
2025-11-23 13:52:11.513482: I tensorflow/core/util/port.cc:153] oneDNN custom operations are 
on. You may see slightly different numerical results due to floating-point round-off errors f
rom different computation orders. To turn them off, set the environment variable `TF_ENABLE_O
NEDNN_OPTS=0`.
collecting ... collected 1 item

tests/test_core_enhancements.py::test_unified_backtester_multi_asset Date: 2023-01-01 00:00:00, Cash: 10000, Holdings: {'A': 0.0, 'B': 0.0}, Value: 10000.0
Date: 2023-01-02 00:00:00, Cash: 4995.000000000001, Holdings: {'A': 0.0, 'B': 250.0}, Value: 9995.0
Date: 2023-01-03 00:00:00, Cash: 12487.5, Holdings: {'A': 0.0, 'B': 0}, Value: 12487.5
Date: 2023-01-04 00:00:00, Cash: 12487.5, Holdings: {'A': 0.0, 'B': 0}, Value: 12487.5
FAILED

================================== FAILURES ===================================
_____________________ test_unified_backtester_multi_asset _____________________

    def test_unified_backtester_multi_asset():
        dates = pd.date_range(start="2023-01-01", periods=5)
    
        # Asset A: Flat
        df_a = pd.DataFrame({'Open': [100]*5, 'High': [100]*5, 'Low': [100]*5, 'Close': [100]*5, 'Volume': [1000]*5}, index=dates)
        # Asset B: Doubles
        df_b = pd.DataFrame({'Open': [10, 20, 30, 40, 50], 'High': [10]*5, 'Low': [10]*5, 'Close': [10, 20, 30, 40, 50], 'Volume': [1000]*5}, index=dates)
    
        data_map = {'A': df_a, 'B': df_b}
    
        # Strategy: Buy B on Day 0.
        sig_a = pd.Series(0, index=dates)
        sig_b = pd.Series(0, index=dates)
        sig_b.iloc[0] = 1
    
        strategies = {'A': MockStrategy(sig_a), 'B': MockStrategy(sig_b)}
    
        # 50% allocation to B
        bt = Backtester(initial_capital=10000, commission=0.0, position_size={'A': 0.5, 'B': 0.5})
        res = bt.run(data_map, strategies)
    
        # Check B trade
        # Day 0 Signal 1 -> Buy Day 1 Open (20).
        # Allocation: 5000. Shares: 250.
        # Held until end.
        # Final Value: Cash (5000) + Shares (250 * 50 = 12500) = 17500.
        # Total Return: 75%.
    
>       assert res['final_value'] == 17500
E       assert 12487.5 == 17500

tests\test_core_enhancements.py:141: AssertionError
============================== warnings summary ===============================
<frozen importlib._bootstrap>:488
  <frozen importlib._bootstrap>:488: DeprecationWarning: Type google._upb._message.MessageMapContainer uses PyType_Spec with a metaclass that has custom tp_new. This is deprecated and will no longer be allowed in Python 3.14.

<frozen importlib._bootstrap>:488
  <frozen importlib._bootstrap>:488: DeprecationWarning: Type google._upb._message.ScalarMapContainer uses PyType_Spec with a metaclass that has custom tp_new. This is deprecated and will no longer be allowed in Python 3.14.

-- Docs: https://docs.pytest.org/en/stable/how-to/capture-warnings.html
=========================== short test summary info ===========================
FAILED tests/test_core_enhancements.py::test_unified_backtester_multi_asset
======================= 1 failed, 2 warnings in 12.49s ========================
